5/5/00 12:38:45 AM: *** INFO *** in Main: 
  Description: ** STARTING **
AlienInvaders v0.0.255
========== FIRST ERROR ===========
5/5/00 12:38:47 AM: *** ERROR *** in Level1_Initialize2: 
  Number: -2005532100 (DDERR_NOPALETTEATTACHED)
  Description: Automation error
  LastDllError: 0
  Source: AlienInvaders
  *ErrorInfo: 

5/5/00 12:39:07 AM: *** INFO *** in Main: 
  Description: ** STARTING **
AlienInvaders v0.0.255
========== FIRST ERROR ===========
5/5/00 12:39:09 AM: *** ERROR *** in Level1_Initialize2: 
  Number: -2005532100 (DDERR_NOPALETTEATTACHED)
  Description: Automation error
  LastDllError: 0
  Source: AlienInvaders
  *ErrorInfo: 

5/5/00 12:39:23 AM: *** INFO *** in Main: 
  Description: ** STARTING **
AlienInvaders v0.0.255
========== FIRST ERROR ===========
5/5/00 12:39:25 AM: *** ERROR *** in Level1_Initialize2: 
  Number: -2005532100 (DDERR_NOPALETTEATTACHED)
  Description: Automation error
  LastDllError: 0
  Source: AlienInvaders
  *ErrorInfo: 

5/5/00 12:40:09 AM: *** INFO *** in Main: 
  Description: ** STARTING **
AlienInvaders v0.0.255
========== FIRST ERROR ===========
5/5/00 12:40:11 AM: *** ERROR *** in Level1_Initialize2: 
  Number: -2005532100 (DDERR_NOPALETTEATTACHED)
  Description: Automation error
  LastDllError: 0
  Source: AlienInvaders
  *ErrorInfo: 

5/5/00 12:40:39 AM: *** INFO *** in Main: 
  Description: ** STARTING **
AlienInvaders v0.0.255
========== FIRST ERROR ===========
5/5/00 12:40:49 AM: *** ERROR *** in Level1_Initialize2: 
  Number: -2005532100 (DDERR_NOPALETTEATTACHED)
  Description: Automation error
  LastDllError: 0
  Source: AlienInvaders
  *ErrorInfo: 

5/5/00 12:40:56 AM: *** INFO *** in Main: 
  Description: ** STARTING **
AlienInvaders v0.0.255
5/5/00 12:41:13 AM: *** INFO *** in Main: 
  Description: ** STARTING **
AlienInvaders v0.0.255
========== FIRST ERROR ===========
5/5/00 12:42:00 AM: *** ERROR *** in Level1_Initialize2: 
  Number: -2005532100 (DDERR_NOPALETTEATTACHED)
  Description: Automation error
  LastDllError: 0
  Source: AlienInvaders
  *ErrorInfo: 

5/5/00 12:43:19 AM: *** INFO *** in Main: 
  Description: ** STARTING **
AlienInvaders v0.0.255
5/5/00 12:46:12 AM: *** INFO *** in Main: 
  Description: ** STARTING **
AlienInvaders v0.0.255
5/5/00 12:50:10 AM: *** INFO *** in Main: 
  Description: ** STARTING **
AlienInvaders v0.0.255
5/5/00 12:55:06 AM: *** INFO *** in Main: 
  Description: ** STARTING **
AlienInvaders v0.0.255
5/5/00 1:02:56 AM: *** INFO *** in Main: 
  Description: ** STARTING **
AlienInvaders v0.0.255
5/5/00 1:04:25 AM: *** INFO *** in Main: 
  Description: ** STARTING **
AlienInvaders v0.0.255
5/5/00 1:13:24 AM: *** INFO *** in Main: 
  Description: ** STARTING **
AlienInvaders v0.0.255
11/19/2010 12:35:58 AM: *** INFO *** in Main: 
  Description: ** STARTING **
AlienInv v0.0.254
2/23/2013 4:45:51 PM: *** INFO *** in Main: 
  Description: ** STARTING **
AlienInvaders v0.0.255
2/23/2013 5:21:04 PM: *** INFO *** in Main: 
  Description: ** STARTING **
AlienInvaders v0.0.255
2/23/2013 6:29:53 PM: *** INFO *** in Main: 
  Description: ** STARTING **
AlienInvaders v0.0.255
9/20/2013 11:39:23 AM: *** INFO *** in Main: 
  Description: ** STARTING **
AlienInv v0.0.254
9/20/2013 12:14:25 PM: *** INFO *** in Main: 
  Description: ** STARTING **
AlienInv v0.0.254
10/30/2013 5:22:14 PM: *** INFO *** in Main: 
  Description: ** STARTING **
AlienInv v0.0.254
